------------------------------------------------------------
TimeQuest Timing Analyzer Summary
------------------------------------------------------------

Type  : Slow Model Setup 'clk_clk'
Slack : 8.119
TNS   : 0.000

Type  : Slow Model Hold 'clk_clk'
Slack : 0.499
TNS   : 0.000

Type  : Slow Model Recovery 'clk_clk'
Slack : 16.534
TNS   : 0.000

Type  : Slow Model Removal 'clk_clk'
Slack : 1.328
TNS   : 0.000

Type  : Slow Model Minimum Pulse Width 'clk_clk'
Slack : 6.933
TNS   : 0.000

Type  : Slow Model Minimum Pulse Width 'altera_reserved_tck'
Slack : 97.223
TNS   : 0.000

Type  : Fast Model Setup 'clk_clk'
Slack : 13.339
TNS   : 0.000

Type  : Fast Model Hold 'clk_clk'
Slack : 0.215
TNS   : 0.000

Type  : Fast Model Recovery 'clk_clk'
Slack : 18.319
TNS   : 0.000

Type  : Fast Model Removal 'clk_clk'
Slack : 0.580
TNS   : 0.000

Type  : Fast Model Minimum Pulse Width 'clk_clk'
Slack : 7.620
TNS   : 0.000

Type  : Fast Model Minimum Pulse Width 'altera_reserved_tck'
Slack : 97.778
TNS   : 0.000

------------------------------------------------------------
