Partition Merge report for BCD
Fri Dec 01 22:05:36 2017
Quartus II 64-Bit Version 13.0.1 Build 232 06/12/2013 Service Pack 1 SJ Web Edition


---------------------
; Table of Contents ;
---------------------
  1. Legal Notice
  2. Partition Merge Summary
  3. Partition Merge Netlist Types Used
  4. Connections to In-System Debugging Instance "avmm"
  5. Partition Merge Partition Statistics
  6. Partition Merge Resource Usage Summary
  7. Partition Merge RAM Summary
  8. Partition Merge Messages



----------------
; Legal Notice ;
----------------
Copyright (C) 1991-2013 Altera Corporation
Your use of Altera Corporation's design tools, logic functions 
and other software and tools, and its AMPP partner logic 
functions, and any output files from any of the foregoing 
(including device programming or simulation files), and any 
associated documentation or information are expressly subject 
to the terms and conditions of the Altera Program License 
Subscription Agreement, Altera MegaCore Function License 
Agreement, or other applicable license agreement, including, 
without limitation, that your use is for the sole purpose of 
programming logic devices manufactured by Altera and sold by 
Altera or its authorized distributors.  Please refer to the 
applicable agreement for further details.



+--------------------------------------------------------------------------------------+
; Partition Merge Summary                                                              ;
+------------------------------------+-------------------------------------------------+
; Partition Merge Status             ; Successful - Fri Dec 01 22:05:36 2017           ;
; Quartus II 64-Bit Version          ; 13.0.1 Build 232 06/12/2013 SP 1 SJ Web Edition ;
; Revision Name                      ; BCD                                             ;
; Top-level Entity Name              ; bcd                                             ;
; Family                             ; Cyclone II                                      ;
; Total logic elements               ; 2,478                                           ;
;     Total combinational functions  ; 1,369                                           ;
;     Dedicated logic registers      ; 1,772                                           ;
; Total registers                    ; 1772                                            ;
; Total pins                         ; 19                                              ;
; Total virtual pins                 ; 0                                               ;
; Total memory bits                  ; 9,344                                           ;
; Embedded Multiplier 9-bit elements ; 0                                               ;
; Total PLLs                         ; 0                                               ;
+------------------------------------+-------------------------------------------------+


+-------------------------------------------------------------------------------------------------------------------------------+
; Partition Merge Netlist Types Used                                                                                            ;
+--------------------------------+----------------+-------------------+------------------------+--------------------------------+
; Partition Name                 ; Partition Type ; Netlist Type Used ; Netlist Type Requested ; Partition Contents             ;
+--------------------------------+----------------+-------------------+------------------------+--------------------------------+
; Top                            ; User-created   ; Source File       ; Source File            ;                                ;
; sld_hub:auto_hub               ; Auto-generated ; Post-Synthesis    ; Post-Synthesis         ; sld_hub:auto_hub               ;
; sld_signaltap:avmm             ; Auto-generated ; Post-Synthesis    ; Post-Synthesis         ; sld_signaltap:avmm             ;
; hard_block:auto_generated_inst ; Auto-generated ; Source File       ; Source File            ; hard_block:auto_generated_inst ;
+--------------------------------+----------------+-------------------+------------------------+--------------------------------+


+--------------------------------------------------------------------------------------------------------------------------------------------------------------------------------------------------------------------------+
; Connections to In-System Debugging Instance "avmm"                                                                                                                                                                       ;
+-----------------------------------------+---------------+-----------+----------------+-------------------+-----------------------------------------------------------------------------------------------------+---------+
; Name                                    ; Type          ; Status    ; Partition Name ; Netlist Type Used ; Actual Connection                                                                                   ; Details ;
+-----------------------------------------+---------------+-----------+----------------+-------------------+-----------------------------------------------------------------------------------------------------+---------+
; BCD_Avalon_Top:bcd_0|avmm_address[0]    ; pre-synthesis ; connected ; Top            ; post-synthesis    ; bcd_master_0:master_0|altera_avalon_packets_to_master:transacto|packets_to_master:p2m|address[2]    ; N/A     ;
; BCD_Avalon_Top:bcd_0|avmm_address[0]    ; pre-synthesis ; connected ; Top            ; post-synthesis    ; bcd_master_0:master_0|altera_avalon_packets_to_master:transacto|packets_to_master:p2m|address[2]    ; N/A     ;
; BCD_Avalon_Top:bcd_0|avmm_address[1]    ; pre-synthesis ; connected ; Top            ; post-synthesis    ; bcd_master_0:master_0|altera_avalon_packets_to_master:transacto|packets_to_master:p2m|address[3]    ; N/A     ;
; BCD_Avalon_Top:bcd_0|avmm_address[1]    ; pre-synthesis ; connected ; Top            ; post-synthesis    ; bcd_master_0:master_0|altera_avalon_packets_to_master:transacto|packets_to_master:p2m|address[3]    ; N/A     ;
; BCD_Avalon_Top:bcd_0|avmm_address[2]    ; pre-synthesis ; connected ; Top            ; post-synthesis    ; bcd_master_0:master_0|altera_avalon_packets_to_master:transacto|packets_to_master:p2m|address[4]    ; N/A     ;
; BCD_Avalon_Top:bcd_0|avmm_address[2]    ; pre-synthesis ; connected ; Top            ; post-synthesis    ; bcd_master_0:master_0|altera_avalon_packets_to_master:transacto|packets_to_master:p2m|address[4]    ; N/A     ;
; BCD_Avalon_Top:bcd_0|avmm_read          ; pre-synthesis ; connected ; Top            ; post-synthesis    ; bcd_master_0:master_0|altera_avalon_packets_to_master:transacto|packets_to_master:p2m|read          ; N/A     ;
; BCD_Avalon_Top:bcd_0|avmm_read          ; pre-synthesis ; connected ; Top            ; post-synthesis    ; bcd_master_0:master_0|altera_avalon_packets_to_master:transacto|packets_to_master:p2m|read          ; N/A     ;
; BCD_Avalon_Top:bcd_0|avmm_readdata[0]   ; pre-synthesis ; connected ; Top            ; post-synthesis    ; BCD_Avalon_Top:bcd_0|avmm_readdata[0]                                                               ; N/A     ;
; BCD_Avalon_Top:bcd_0|avmm_readdata[0]   ; pre-synthesis ; connected ; Top            ; post-synthesis    ; BCD_Avalon_Top:bcd_0|avmm_readdata[0]                                                               ; N/A     ;
; BCD_Avalon_Top:bcd_0|avmm_readdata[10]  ; pre-synthesis ; connected ; Top            ; post-synthesis    ; BCD_Avalon_Top:bcd_0|avmm_readdata[10]                                                              ; N/A     ;
; BCD_Avalon_Top:bcd_0|avmm_readdata[10]  ; pre-synthesis ; connected ; Top            ; post-synthesis    ; BCD_Avalon_Top:bcd_0|avmm_readdata[10]                                                              ; N/A     ;
; BCD_Avalon_Top:bcd_0|avmm_readdata[11]  ; pre-synthesis ; connected ; Top            ; post-synthesis    ; BCD_Avalon_Top:bcd_0|avmm_readdata[11]                                                              ; N/A     ;
; BCD_Avalon_Top:bcd_0|avmm_readdata[11]  ; pre-synthesis ; connected ; Top            ; post-synthesis    ; BCD_Avalon_Top:bcd_0|avmm_readdata[11]                                                              ; N/A     ;
; BCD_Avalon_Top:bcd_0|avmm_readdata[12]  ; pre-synthesis ; connected ; Top            ; post-synthesis    ; BCD_Avalon_Top:bcd_0|avmm_readdata[12]                                                              ; N/A     ;
; BCD_Avalon_Top:bcd_0|avmm_readdata[12]  ; pre-synthesis ; connected ; Top            ; post-synthesis    ; BCD_Avalon_Top:bcd_0|avmm_readdata[12]                                                              ; N/A     ;
; BCD_Avalon_Top:bcd_0|avmm_readdata[13]  ; pre-synthesis ; connected ; Top            ; post-synthesis    ; BCD_Avalon_Top:bcd_0|avmm_readdata[13]                                                              ; N/A     ;
; BCD_Avalon_Top:bcd_0|avmm_readdata[13]  ; pre-synthesis ; connected ; Top            ; post-synthesis    ; BCD_Avalon_Top:bcd_0|avmm_readdata[13]                                                              ; N/A     ;
; BCD_Avalon_Top:bcd_0|avmm_readdata[14]  ; pre-synthesis ; connected ; Top            ; post-synthesis    ; BCD_Avalon_Top:bcd_0|avmm_readdata[14]                                                              ; N/A     ;
; BCD_Avalon_Top:bcd_0|avmm_readdata[14]  ; pre-synthesis ; connected ; Top            ; post-synthesis    ; BCD_Avalon_Top:bcd_0|avmm_readdata[14]                                                              ; N/A     ;
; BCD_Avalon_Top:bcd_0|avmm_readdata[15]  ; pre-synthesis ; connected ; Top            ; post-synthesis    ; BCD_Avalon_Top:bcd_0|avmm_readdata[15]                                                              ; N/A     ;
; BCD_Avalon_Top:bcd_0|avmm_readdata[15]  ; pre-synthesis ; connected ; Top            ; post-synthesis    ; BCD_Avalon_Top:bcd_0|avmm_readdata[15]                                                              ; N/A     ;
; BCD_Avalon_Top:bcd_0|avmm_readdata[16]  ; pre-synthesis ; connected ; Top            ; post-synthesis    ; BCD_Avalon_Top:bcd_0|avmm_readdata[16]                                                              ; N/A     ;
; BCD_Avalon_Top:bcd_0|avmm_readdata[16]  ; pre-synthesis ; connected ; Top            ; post-synthesis    ; BCD_Avalon_Top:bcd_0|avmm_readdata[16]                                                              ; N/A     ;
; BCD_Avalon_Top:bcd_0|avmm_readdata[17]  ; pre-synthesis ; connected ; Top            ; post-synthesis    ; BCD_Avalon_Top:bcd_0|avmm_readdata[17]                                                              ; N/A     ;
; BCD_Avalon_Top:bcd_0|avmm_readdata[17]  ; pre-synthesis ; connected ; Top            ; post-synthesis    ; BCD_Avalon_Top:bcd_0|avmm_readdata[17]                                                              ; N/A     ;
; BCD_Avalon_Top:bcd_0|avmm_readdata[18]  ; pre-synthesis ; connected ; Top            ; post-synthesis    ; BCD_Avalon_Top:bcd_0|avmm_readdata[18]                                                              ; N/A     ;
; BCD_Avalon_Top:bcd_0|avmm_readdata[18]  ; pre-synthesis ; connected ; Top            ; post-synthesis    ; BCD_Avalon_Top:bcd_0|avmm_readdata[18]                                                              ; N/A     ;
; BCD_Avalon_Top:bcd_0|avmm_readdata[19]  ; pre-synthesis ; connected ; Top            ; post-synthesis    ; BCD_Avalon_Top:bcd_0|avmm_readdata[19]                                                              ; N/A     ;
; BCD_Avalon_Top:bcd_0|avmm_readdata[19]  ; pre-synthesis ; connected ; Top            ; post-synthesis    ; BCD_Avalon_Top:bcd_0|avmm_readdata[19]                                                              ; N/A     ;
; BCD_Avalon_Top:bcd_0|avmm_readdata[1]   ; pre-synthesis ; connected ; Top            ; post-synthesis    ; BCD_Avalon_Top:bcd_0|avmm_readdata[1]                                                               ; N/A     ;
; BCD_Avalon_Top:bcd_0|avmm_readdata[1]   ; pre-synthesis ; connected ; Top            ; post-synthesis    ; BCD_Avalon_Top:bcd_0|avmm_readdata[1]                                                               ; N/A     ;
; BCD_Avalon_Top:bcd_0|avmm_readdata[20]  ; pre-synthesis ; connected ; Top            ; post-synthesis    ; BCD_Avalon_Top:bcd_0|avmm_readdata[20]                                                              ; N/A     ;
; BCD_Avalon_Top:bcd_0|avmm_readdata[20]  ; pre-synthesis ; connected ; Top            ; post-synthesis    ; BCD_Avalon_Top:bcd_0|avmm_readdata[20]                                                              ; N/A     ;
; BCD_Avalon_Top:bcd_0|avmm_readdata[21]  ; pre-synthesis ; connected ; Top            ; post-synthesis    ; BCD_Avalon_Top:bcd_0|avmm_readdata[21]                                                              ; N/A     ;
; BCD_Avalon_Top:bcd_0|avmm_readdata[21]  ; pre-synthesis ; connected ; Top            ; post-synthesis    ; BCD_Avalon_Top:bcd_0|avmm_readdata[21]                                                              ; N/A     ;
; BCD_Avalon_Top:bcd_0|avmm_readdata[22]  ; pre-synthesis ; connected ; Top            ; post-synthesis    ; BCD_Avalon_Top:bcd_0|avmm_readdata[22]                                                              ; N/A     ;
; BCD_Avalon_Top:bcd_0|avmm_readdata[22]  ; pre-synthesis ; connected ; Top            ; post-synthesis    ; BCD_Avalon_Top:bcd_0|avmm_readdata[22]                                                              ; N/A     ;
; BCD_Avalon_Top:bcd_0|avmm_readdata[23]  ; pre-synthesis ; connected ; Top            ; post-synthesis    ; BCD_Avalon_Top:bcd_0|avmm_readdata[23]                                                              ; N/A     ;
; BCD_Avalon_Top:bcd_0|avmm_readdata[23]  ; pre-synthesis ; connected ; Top            ; post-synthesis    ; BCD_Avalon_Top:bcd_0|avmm_readdata[23]                                                              ; N/A     ;
; BCD_Avalon_Top:bcd_0|avmm_readdata[24]  ; pre-synthesis ; connected ; Top            ; post-synthesis    ; BCD_Avalon_Top:bcd_0|avmm_readdata[24]                                                              ; N/A     ;
; BCD_Avalon_Top:bcd_0|avmm_readdata[24]  ; pre-synthesis ; connected ; Top            ; post-synthesis    ; BCD_Avalon_Top:bcd_0|avmm_readdata[24]                                                              ; N/A     ;
; BCD_Avalon_Top:bcd_0|avmm_readdata[25]  ; pre-synthesis ; connected ; Top            ; post-synthesis    ; BCD_Avalon_Top:bcd_0|avmm_readdata[25]                                                              ; N/A     ;
; BCD_Avalon_Top:bcd_0|avmm_readdata[25]  ; pre-synthesis ; connected ; Top            ; post-synthesis    ; BCD_Avalon_Top:bcd_0|avmm_readdata[25]                                                              ; N/A     ;
; BCD_Avalon_Top:bcd_0|avmm_readdata[26]  ; pre-synthesis ; connected ; Top            ; post-synthesis    ; BCD_Avalon_Top:bcd_0|avmm_readdata[26]                                                              ; N/A     ;
; BCD_Avalon_Top:bcd_0|avmm_readdata[26]  ; pre-synthesis ; connected ; Top            ; post-synthesis    ; BCD_Avalon_Top:bcd_0|avmm_readdata[26]                                                              ; N/A     ;
; BCD_Avalon_Top:bcd_0|avmm_readdata[27]  ; pre-synthesis ; connected ; Top            ; post-synthesis    ; BCD_Avalon_Top:bcd_0|avmm_readdata[27]                                                              ; N/A     ;
; BCD_Avalon_Top:bcd_0|avmm_readdata[27]  ; pre-synthesis ; connected ; Top            ; post-synthesis    ; BCD_Avalon_Top:bcd_0|avmm_readdata[27]                                                              ; N/A     ;
; BCD_Avalon_Top:bcd_0|avmm_readdata[28]  ; pre-synthesis ; connected ; Top            ; post-synthesis    ; BCD_Avalon_Top:bcd_0|avmm_readdata[28]                                                              ; N/A     ;
; BCD_Avalon_Top:bcd_0|avmm_readdata[28]  ; pre-synthesis ; connected ; Top            ; post-synthesis    ; BCD_Avalon_Top:bcd_0|avmm_readdata[28]                                                              ; N/A     ;
; BCD_Avalon_Top:bcd_0|avmm_readdata[29]  ; pre-synthesis ; connected ; Top            ; post-synthesis    ; BCD_Avalon_Top:bcd_0|avmm_readdata[29]                                                              ; N/A     ;
; BCD_Avalon_Top:bcd_0|avmm_readdata[29]  ; pre-synthesis ; connected ; Top            ; post-synthesis    ; BCD_Avalon_Top:bcd_0|avmm_readdata[29]                                                              ; N/A     ;
; BCD_Avalon_Top:bcd_0|avmm_readdata[2]   ; pre-synthesis ; connected ; Top            ; post-synthesis    ; BCD_Avalon_Top:bcd_0|avmm_readdata[2]                                                               ; N/A     ;
; BCD_Avalon_Top:bcd_0|avmm_readdata[2]   ; pre-synthesis ; connected ; Top            ; post-synthesis    ; BCD_Avalon_Top:bcd_0|avmm_readdata[2]                                                               ; N/A     ;
; BCD_Avalon_Top:bcd_0|avmm_readdata[30]  ; pre-synthesis ; connected ; Top            ; post-synthesis    ; BCD_Avalon_Top:bcd_0|avmm_readdata[30]                                                              ; N/A     ;
; BCD_Avalon_Top:bcd_0|avmm_readdata[30]  ; pre-synthesis ; connected ; Top            ; post-synthesis    ; BCD_Avalon_Top:bcd_0|avmm_readdata[30]                                                              ; N/A     ;
; BCD_Avalon_Top:bcd_0|avmm_readdata[31]  ; pre-synthesis ; connected ; Top            ; post-synthesis    ; BCD_Avalon_Top:bcd_0|avmm_readdata[31]                                                              ; N/A     ;
; BCD_Avalon_Top:bcd_0|avmm_readdata[31]  ; pre-synthesis ; connected ; Top            ; post-synthesis    ; BCD_Avalon_Top:bcd_0|avmm_readdata[31]                                                              ; N/A     ;
; BCD_Avalon_Top:bcd_0|avmm_readdata[3]   ; pre-synthesis ; connected ; Top            ; post-synthesis    ; BCD_Avalon_Top:bcd_0|avmm_readdata[3]                                                               ; N/A     ;
; BCD_Avalon_Top:bcd_0|avmm_readdata[3]   ; pre-synthesis ; connected ; Top            ; post-synthesis    ; BCD_Avalon_Top:bcd_0|avmm_readdata[3]                                                               ; N/A     ;
; BCD_Avalon_Top:bcd_0|avmm_readdata[4]   ; pre-synthesis ; connected ; Top            ; post-synthesis    ; BCD_Avalon_Top:bcd_0|avmm_readdata[4]                                                               ; N/A     ;
; BCD_Avalon_Top:bcd_0|avmm_readdata[4]   ; pre-synthesis ; connected ; Top            ; post-synthesis    ; BCD_Avalon_Top:bcd_0|avmm_readdata[4]                                                               ; N/A     ;
; BCD_Avalon_Top:bcd_0|avmm_readdata[5]   ; pre-synthesis ; connected ; Top            ; post-synthesis    ; BCD_Avalon_Top:bcd_0|avmm_readdata[5]                                                               ; N/A     ;
; BCD_Avalon_Top:bcd_0|avmm_readdata[5]   ; pre-synthesis ; connected ; Top            ; post-synthesis    ; BCD_Avalon_Top:bcd_0|avmm_readdata[5]                                                               ; N/A     ;
; BCD_Avalon_Top:bcd_0|avmm_readdata[6]   ; pre-synthesis ; connected ; Top            ; post-synthesis    ; BCD_Avalon_Top:bcd_0|avmm_readdata[6]                                                               ; N/A     ;
; BCD_Avalon_Top:bcd_0|avmm_readdata[6]   ; pre-synthesis ; connected ; Top            ; post-synthesis    ; BCD_Avalon_Top:bcd_0|avmm_readdata[6]                                                               ; N/A     ;
; BCD_Avalon_Top:bcd_0|avmm_readdata[7]   ; pre-synthesis ; connected ; Top            ; post-synthesis    ; BCD_Avalon_Top:bcd_0|avmm_readdata[7]                                                               ; N/A     ;
; BCD_Avalon_Top:bcd_0|avmm_readdata[7]   ; pre-synthesis ; connected ; Top            ; post-synthesis    ; BCD_Avalon_Top:bcd_0|avmm_readdata[7]                                                               ; N/A     ;
; BCD_Avalon_Top:bcd_0|avmm_readdata[8]   ; pre-synthesis ; connected ; Top            ; post-synthesis    ; BCD_Avalon_Top:bcd_0|avmm_readdata[8]                                                               ; N/A     ;
; BCD_Avalon_Top:bcd_0|avmm_readdata[8]   ; pre-synthesis ; connected ; Top            ; post-synthesis    ; BCD_Avalon_Top:bcd_0|avmm_readdata[8]                                                               ; N/A     ;
; BCD_Avalon_Top:bcd_0|avmm_readdata[9]   ; pre-synthesis ; connected ; Top            ; post-synthesis    ; BCD_Avalon_Top:bcd_0|avmm_readdata[9]                                                               ; N/A     ;
; BCD_Avalon_Top:bcd_0|avmm_readdata[9]   ; pre-synthesis ; connected ; Top            ; post-synthesis    ; BCD_Avalon_Top:bcd_0|avmm_readdata[9]                                                               ; N/A     ;
; BCD_Avalon_Top:bcd_0|avmm_write         ; pre-synthesis ; connected ; Top            ; post-synthesis    ; bcd_master_0:master_0|altera_avalon_packets_to_master:transacto|packets_to_master:p2m|write         ; N/A     ;
; BCD_Avalon_Top:bcd_0|avmm_write         ; pre-synthesis ; connected ; Top            ; post-synthesis    ; bcd_master_0:master_0|altera_avalon_packets_to_master:transacto|packets_to_master:p2m|write         ; N/A     ;
; BCD_Avalon_Top:bcd_0|avmm_writedata[0]  ; pre-synthesis ; connected ; Top            ; post-synthesis    ; bcd_master_0:master_0|altera_avalon_packets_to_master:transacto|packets_to_master:p2m|writedata[0]  ; N/A     ;
; BCD_Avalon_Top:bcd_0|avmm_writedata[0]  ; pre-synthesis ; connected ; Top            ; post-synthesis    ; bcd_master_0:master_0|altera_avalon_packets_to_master:transacto|packets_to_master:p2m|writedata[0]  ; N/A     ;
; BCD_Avalon_Top:bcd_0|avmm_writedata[10] ; pre-synthesis ; connected ; Top            ; post-synthesis    ; bcd_master_0:master_0|altera_avalon_packets_to_master:transacto|packets_to_master:p2m|writedata[10] ; N/A     ;
; BCD_Avalon_Top:bcd_0|avmm_writedata[10] ; pre-synthesis ; connected ; Top            ; post-synthesis    ; bcd_master_0:master_0|altera_avalon_packets_to_master:transacto|packets_to_master:p2m|writedata[10] ; N/A     ;
; BCD_Avalon_Top:bcd_0|avmm_writedata[11] ; pre-synthesis ; connected ; Top            ; post-synthesis    ; bcd_master_0:master_0|altera_avalon_packets_to_master:transacto|packets_to_master:p2m|writedata[11] ; N/A     ;
; BCD_Avalon_Top:bcd_0|avmm_writedata[11] ; pre-synthesis ; connected ; Top            ; post-synthesis    ; bcd_master_0:master_0|altera_avalon_packets_to_master:transacto|packets_to_master:p2m|writedata[11] ; N/A     ;
; BCD_Avalon_Top:bcd_0|avmm_writedata[12] ; pre-synthesis ; connected ; Top            ; post-synthesis    ; bcd_master_0:master_0|altera_avalon_packets_to_master:transacto|packets_to_master:p2m|writedata[12] ; N/A     ;
; BCD_Avalon_Top:bcd_0|avmm_writedata[12] ; pre-synthesis ; connected ; Top            ; post-synthesis    ; bcd_master_0:master_0|altera_avalon_packets_to_master:transacto|packets_to_master:p2m|writedata[12] ; N/A     ;
; BCD_Avalon_Top:bcd_0|avmm_writedata[13] ; pre-synthesis ; connected ; Top            ; post-synthesis    ; bcd_master_0:master_0|altera_avalon_packets_to_master:transacto|packets_to_master:p2m|writedata[13] ; N/A     ;
; BCD_Avalon_Top:bcd_0|avmm_writedata[13] ; pre-synthesis ; connected ; Top            ; post-synthesis    ; bcd_master_0:master_0|altera_avalon_packets_to_master:transacto|packets_to_master:p2m|writedata[13] ; N/A     ;
; BCD_Avalon_Top:bcd_0|avmm_writedata[14] ; pre-synthesis ; connected ; Top            ; post-synthesis    ; bcd_master_0:master_0|altera_avalon_packets_to_master:transacto|packets_to_master:p2m|writedata[14] ; N/A     ;
; BCD_Avalon_Top:bcd_0|avmm_writedata[14] ; pre-synthesis ; connected ; Top            ; post-synthesis    ; bcd_master_0:master_0|altera_avalon_packets_to_master:transacto|packets_to_master:p2m|writedata[14] ; N/A     ;
; BCD_Avalon_Top:bcd_0|avmm_writedata[15] ; pre-synthesis ; connected ; Top            ; post-synthesis    ; bcd_master_0:master_0|altera_avalon_packets_to_master:transacto|packets_to_master:p2m|writedata[15] ; N/A     ;
; BCD_Avalon_Top:bcd_0|avmm_writedata[15] ; pre-synthesis ; connected ; Top            ; post-synthesis    ; bcd_master_0:master_0|altera_avalon_packets_to_master:transacto|packets_to_master:p2m|writedata[15] ; N/A     ;
; BCD_Avalon_Top:bcd_0|avmm_writedata[16] ; pre-synthesis ; connected ; Top            ; post-synthesis    ; bcd_master_0:master_0|altera_avalon_packets_to_master:transacto|packets_to_master:p2m|writedata[16] ; N/A     ;
; BCD_Avalon_Top:bcd_0|avmm_writedata[16] ; pre-synthesis ; connected ; Top            ; post-synthesis    ; bcd_master_0:master_0|altera_avalon_packets_to_master:transacto|packets_to_master:p2m|writedata[16] ; N/A     ;
; BCD_Avalon_Top:bcd_0|avmm_writedata[17] ; pre-synthesis ; connected ; Top            ; post-synthesis    ; bcd_master_0:master_0|altera_avalon_packets_to_master:transacto|packets_to_master:p2m|writedata[17] ; N/A     ;
; BCD_Avalon_Top:bcd_0|avmm_writedata[17] ; pre-synthesis ; connected ; Top            ; post-synthesis    ; bcd_master_0:master_0|altera_avalon_packets_to_master:transacto|packets_to_master:p2m|writedata[17] ; N/A     ;
; BCD_Avalon_Top:bcd_0|avmm_writedata[18] ; pre-synthesis ; connected ; Top            ; post-synthesis    ; bcd_master_0:master_0|altera_avalon_packets_to_master:transacto|packets_to_master:p2m|writedata[18] ; N/A     ;
; BCD_Avalon_Top:bcd_0|avmm_writedata[18] ; pre-synthesis ; connected ; Top            ; post-synthesis    ; bcd_master_0:master_0|altera_avalon_packets_to_master:transacto|packets_to_master:p2m|writedata[18] ; N/A     ;
; BCD_Avalon_Top:bcd_0|avmm_writedata[19] ; pre-synthesis ; connected ; Top            ; post-synthesis    ; bcd_master_0:master_0|altera_avalon_packets_to_master:transacto|packets_to_master:p2m|writedata[19] ; N/A     ;
; BCD_Avalon_Top:bcd_0|avmm_writedata[19] ; pre-synthesis ; connected ; Top            ; post-synthesis    ; bcd_master_0:master_0|altera_avalon_packets_to_master:transacto|packets_to_master:p2m|writedata[19] ; N/A     ;
; BCD_Avalon_Top:bcd_0|avmm_writedata[1]  ; pre-synthesis ; connected ; Top            ; post-synthesis    ; bcd_master_0:master_0|altera_avalon_packets_to_master:transacto|packets_to_master:p2m|writedata[1]  ; N/A     ;
; BCD_Avalon_Top:bcd_0|avmm_writedata[1]  ; pre-synthesis ; connected ; Top            ; post-synthesis    ; bcd_master_0:master_0|altera_avalon_packets_to_master:transacto|packets_to_master:p2m|writedata[1]  ; N/A     ;
; BCD_Avalon_Top:bcd_0|avmm_writedata[20] ; pre-synthesis ; connected ; Top            ; post-synthesis    ; bcd_master_0:master_0|altera_avalon_packets_to_master:transacto|packets_to_master:p2m|writedata[20] ; N/A     ;
; BCD_Avalon_Top:bcd_0|avmm_writedata[20] ; pre-synthesis ; connected ; Top            ; post-synthesis    ; bcd_master_0:master_0|altera_avalon_packets_to_master:transacto|packets_to_master:p2m|writedata[20] ; N/A     ;
; BCD_Avalon_Top:bcd_0|avmm_writedata[21] ; pre-synthesis ; connected ; Top            ; post-synthesis    ; bcd_master_0:master_0|altera_avalon_packets_to_master:transacto|packets_to_master:p2m|writedata[21] ; N/A     ;
; BCD_Avalon_Top:bcd_0|avmm_writedata[21] ; pre-synthesis ; connected ; Top            ; post-synthesis    ; bcd_master_0:master_0|altera_avalon_packets_to_master:transacto|packets_to_master:p2m|writedata[21] ; N/A     ;
; BCD_Avalon_Top:bcd_0|avmm_writedata[22] ; pre-synthesis ; connected ; Top            ; post-synthesis    ; bcd_master_0:master_0|altera_avalon_packets_to_master:transacto|packets_to_master:p2m|writedata[22] ; N/A     ;
; BCD_Avalon_Top:bcd_0|avmm_writedata[22] ; pre-synthesis ; connected ; Top            ; post-synthesis    ; bcd_master_0:master_0|altera_avalon_packets_to_master:transacto|packets_to_master:p2m|writedata[22] ; N/A     ;
; BCD_Avalon_Top:bcd_0|avmm_writedata[23] ; pre-synthesis ; connected ; Top            ; post-synthesis    ; bcd_master_0:master_0|altera_avalon_packets_to_master:transacto|packets_to_master:p2m|writedata[23] ; N/A     ;
; BCD_Avalon_Top:bcd_0|avmm_writedata[23] ; pre-synthesis ; connected ; Top            ; post-synthesis    ; bcd_master_0:master_0|altera_avalon_packets_to_master:transacto|packets_to_master:p2m|writedata[23] ; N/A     ;
; BCD_Avalon_Top:bcd_0|avmm_writedata[24] ; pre-synthesis ; connected ; Top            ; post-synthesis    ; bcd_master_0:master_0|altera_avalon_packets_to_master:transacto|packets_to_master:p2m|writedata[24] ; N/A     ;
; BCD_Avalon_Top:bcd_0|avmm_writedata[24] ; pre-synthesis ; connected ; Top            ; post-synthesis    ; bcd_master_0:master_0|altera_avalon_packets_to_master:transacto|packets_to_master:p2m|writedata[24] ; N/A     ;
; BCD_Avalon_Top:bcd_0|avmm_writedata[25] ; pre-synthesis ; connected ; Top            ; post-synthesis    ; bcd_master_0:master_0|altera_avalon_packets_to_master:transacto|packets_to_master:p2m|writedata[25] ; N/A     ;
; BCD_Avalon_Top:bcd_0|avmm_writedata[25] ; pre-synthesis ; connected ; Top            ; post-synthesis    ; bcd_master_0:master_0|altera_avalon_packets_to_master:transacto|packets_to_master:p2m|writedata[25] ; N/A     ;
; BCD_Avalon_Top:bcd_0|avmm_writedata[26] ; pre-synthesis ; connected ; Top            ; post-synthesis    ; bcd_master_0:master_0|altera_avalon_packets_to_master:transacto|packets_to_master:p2m|writedata[26] ; N/A     ;
; BCD_Avalon_Top:bcd_0|avmm_writedata[26] ; pre-synthesis ; connected ; Top            ; post-synthesis    ; bcd_master_0:master_0|altera_avalon_packets_to_master:transacto|packets_to_master:p2m|writedata[26] ; N/A     ;
; BCD_Avalon_Top:bcd_0|avmm_writedata[27] ; pre-synthesis ; connected ; Top            ; post-synthesis    ; bcd_master_0:master_0|altera_avalon_packets_to_master:transacto|packets_to_master:p2m|writedata[27] ; N/A     ;
; BCD_Avalon_Top:bcd_0|avmm_writedata[27] ; pre-synthesis ; connected ; Top            ; post-synthesis    ; bcd_master_0:master_0|altera_avalon_packets_to_master:transacto|packets_to_master:p2m|writedata[27] ; N/A     ;
; BCD_Avalon_Top:bcd_0|avmm_writedata[28] ; pre-synthesis ; connected ; Top            ; post-synthesis    ; bcd_master_0:master_0|altera_avalon_packets_to_master:transacto|packets_to_master:p2m|writedata[28] ; N/A     ;
; BCD_Avalon_Top:bcd_0|avmm_writedata[28] ; pre-synthesis ; connected ; Top            ; post-synthesis    ; bcd_master_0:master_0|altera_avalon_packets_to_master:transacto|packets_to_master:p2m|writedata[28] ; N/A     ;
; BCD_Avalon_Top:bcd_0|avmm_writedata[29] ; pre-synthesis ; connected ; Top            ; post-synthesis    ; bcd_master_0:master_0|altera_avalon_packets_to_master:transacto|packets_to_master:p2m|writedata[29] ; N/A     ;
; BCD_Avalon_Top:bcd_0|avmm_writedata[29] ; pre-synthesis ; connected ; Top            ; post-synthesis    ; bcd_master_0:master_0|altera_avalon_packets_to_master:transacto|packets_to_master:p2m|writedata[29] ; N/A     ;
; BCD_Avalon_Top:bcd_0|avmm_writedata[2]  ; pre-synthesis ; connected ; Top            ; post-synthesis    ; bcd_master_0:master_0|altera_avalon_packets_to_master:transacto|packets_to_master:p2m|writedata[2]  ; N/A     ;
; BCD_Avalon_Top:bcd_0|avmm_writedata[2]  ; pre-synthesis ; connected ; Top            ; post-synthesis    ; bcd_master_0:master_0|altera_avalon_packets_to_master:transacto|packets_to_master:p2m|writedata[2]  ; N/A     ;
; BCD_Avalon_Top:bcd_0|avmm_writedata[30] ; pre-synthesis ; connected ; Top            ; post-synthesis    ; bcd_master_0:master_0|altera_avalon_packets_to_master:transacto|packets_to_master:p2m|writedata[30] ; N/A     ;
; BCD_Avalon_Top:bcd_0|avmm_writedata[30] ; pre-synthesis ; connected ; Top            ; post-synthesis    ; bcd_master_0:master_0|altera_avalon_packets_to_master:transacto|packets_to_master:p2m|writedata[30] ; N/A     ;
; BCD_Avalon_Top:bcd_0|avmm_writedata[31] ; pre-synthesis ; connected ; Top            ; post-synthesis    ; bcd_master_0:master_0|altera_avalon_packets_to_master:transacto|packets_to_master:p2m|writedata[31] ; N/A     ;
; BCD_Avalon_Top:bcd_0|avmm_writedata[31] ; pre-synthesis ; connected ; Top            ; post-synthesis    ; bcd_master_0:master_0|altera_avalon_packets_to_master:transacto|packets_to_master:p2m|writedata[31] ; N/A     ;
; BCD_Avalon_Top:bcd_0|avmm_writedata[3]  ; pre-synthesis ; connected ; Top            ; post-synthesis    ; bcd_master_0:master_0|altera_avalon_packets_to_master:transacto|packets_to_master:p2m|writedata[3]  ; N/A     ;
; BCD_Avalon_Top:bcd_0|avmm_writedata[3]  ; pre-synthesis ; connected ; Top            ; post-synthesis    ; bcd_master_0:master_0|altera_avalon_packets_to_master:transacto|packets_to_master:p2m|writedata[3]  ; N/A     ;
; BCD_Avalon_Top:bcd_0|avmm_writedata[4]  ; pre-synthesis ; connected ; Top            ; post-synthesis    ; bcd_master_0:master_0|altera_avalon_packets_to_master:transacto|packets_to_master:p2m|writedata[4]  ; N/A     ;
; BCD_Avalon_Top:bcd_0|avmm_writedata[4]  ; pre-synthesis ; connected ; Top            ; post-synthesis    ; bcd_master_0:master_0|altera_avalon_packets_to_master:transacto|packets_to_master:p2m|writedata[4]  ; N/A     ;
; BCD_Avalon_Top:bcd_0|avmm_writedata[5]  ; pre-synthesis ; connected ; Top            ; post-synthesis    ; bcd_master_0:master_0|altera_avalon_packets_to_master:transacto|packets_to_master:p2m|writedata[5]  ; N/A     ;
; BCD_Avalon_Top:bcd_0|avmm_writedata[5]  ; pre-synthesis ; connected ; Top            ; post-synthesis    ; bcd_master_0:master_0|altera_avalon_packets_to_master:transacto|packets_to_master:p2m|writedata[5]  ; N/A     ;
; BCD_Avalon_Top:bcd_0|avmm_writedata[6]  ; pre-synthesis ; connected ; Top            ; post-synthesis    ; bcd_master_0:master_0|altera_avalon_packets_to_master:transacto|packets_to_master:p2m|writedata[6]  ; N/A     ;
; BCD_Avalon_Top:bcd_0|avmm_writedata[6]  ; pre-synthesis ; connected ; Top            ; post-synthesis    ; bcd_master_0:master_0|altera_avalon_packets_to_master:transacto|packets_to_master:p2m|writedata[6]  ; N/A     ;
; BCD_Avalon_Top:bcd_0|avmm_writedata[7]  ; pre-synthesis ; connected ; Top            ; post-synthesis    ; bcd_master_0:master_0|altera_avalon_packets_to_master:transacto|packets_to_master:p2m|writedata[7]  ; N/A     ;
; BCD_Avalon_Top:bcd_0|avmm_writedata[7]  ; pre-synthesis ; connected ; Top            ; post-synthesis    ; bcd_master_0:master_0|altera_avalon_packets_to_master:transacto|packets_to_master:p2m|writedata[7]  ; N/A     ;
; BCD_Avalon_Top:bcd_0|avmm_writedata[8]  ; pre-synthesis ; connected ; Top            ; post-synthesis    ; bcd_master_0:master_0|altera_avalon_packets_to_master:transacto|packets_to_master:p2m|writedata[8]  ; N/A     ;
; BCD_Avalon_Top:bcd_0|avmm_writedata[8]  ; pre-synthesis ; connected ; Top            ; post-synthesis    ; bcd_master_0:master_0|altera_avalon_packets_to_master:transacto|packets_to_master:p2m|writedata[8]  ; N/A     ;
; BCD_Avalon_Top:bcd_0|avmm_writedata[9]  ; pre-synthesis ; connected ; Top            ; post-synthesis    ; bcd_master_0:master_0|altera_avalon_packets_to_master:transacto|packets_to_master:p2m|writedata[9]  ; N/A     ;
; BCD_Avalon_Top:bcd_0|avmm_writedata[9]  ; pre-synthesis ; connected ; Top            ; post-synthesis    ; bcd_master_0:master_0|altera_avalon_packets_to_master:transacto|packets_to_master:p2m|writedata[9]  ; N/A     ;
; clk_clk                                 ; post-fitting  ; connected ; Top            ; post-synthesis    ; clk_clk                                                                                             ; N/A     ;
+-----------------------------------------+---------------+-----------+----------------+-------------------+-----------------------------------------------------------------------------------------------------+---------+


+-----------------------------------------------------------------------------------------------------------------------------+
; Partition Merge Partition Statistics                                                                                        ;
+---------------------------------------------+------+------------------+--------------------+--------------------------------+
; Statistic                                   ; Top  ; sld_hub:auto_hub ; sld_signaltap:avmm ; hard_block:auto_generated_inst ;
+---------------------------------------------+------+------------------+--------------------+--------------------------------+
; Estimated Total logic elements              ; 1071 ; 196              ; 1211               ; 0                              ;
;                                             ;      ;                  ;                    ;                                ;
; Total combinational functions               ; 757  ; 180              ; 432                ; 0                              ;
; Logic element usage by number of LUT inputs ;      ;                  ;                    ;                                ;
;     -- 4 input functions                    ; 392  ; 73               ; 246                ; 0                              ;
;     -- 3 input functions                    ; 162  ; 65               ; 130                ; 0                              ;
;     -- <=2 input functions                  ; 203  ; 42               ; 56                 ; 0                              ;
;                                             ;      ;                  ;                    ;                                ;
; Logic elements by mode                      ;      ;                  ;                    ;                                ;
;     -- normal mode                          ; 622  ; 172              ; 395                ; 0                              ;
;     -- arithmetic mode                      ; 135  ; 8                ; 37                 ; 0                              ;
;                                             ;      ;                  ;                    ;                                ;
; Total registers                             ; 619  ; 112              ; 1041               ; 0                              ;
;     -- Dedicated logic registers            ; 619  ; 112              ; 1041               ; 0                              ;
;                                             ;      ;                  ;                    ;                                ;
; Virtual pins                                ; 0    ; 0                ; 0                  ; 0                              ;
; I/O pins                                    ; 19   ; 0                ; 0                  ; 0                              ;
; Embedded Multiplier 9-bit elements          ; 0    ; 0                ; 0                  ; 0                              ;
; Total memory bits                           ; 512  ; 0                ; 8832               ; 0                              ;
; Total RAM block bits                        ; 0    ; 0                ; 0                  ; 0                              ;
; JTAG                                        ; 1    ; 0                ; 0                  ; 0                              ;
;                                             ;      ;                  ;                    ;                                ;
; Connections                                 ;      ;                  ;                    ;                                ;
;     -- Input Connections                    ; 355  ; 163              ; 1485               ; 0                              ;
;     -- Registered Input Connections         ; 223  ; 122              ; 1197               ; 0                              ;
;     -- Output Connections                   ; 1699 ; 303              ; 1                  ; 0                              ;
;     -- Registered Output Connections        ; 138  ; 302              ; 0                  ; 0                              ;
;                                             ;      ;                  ;                    ;                                ;
; Internal Connections                        ;      ;                  ;                    ;                                ;
;     -- Total Connections                    ; 6269 ; 1264             ; 5695               ; 0                              ;
;     -- Registered Connections               ; 2331 ; 934              ; 4289               ; 0                              ;
;                                             ;      ;                  ;                    ;                                ;
; External Connections                        ;      ;                  ;                    ;                                ;
;     -- Top                                  ; 448  ; 285              ; 1321               ; 0                              ;
;     -- sld_hub:auto_hub                     ; 285  ; 16               ; 165                ; 0                              ;
;     -- sld_signaltap:avmm                   ; 1321 ; 165              ; 0                  ; 0                              ;
;     -- hard_block:auto_generated_inst       ; 0    ; 0                ; 0                  ; 0                              ;
;                                             ;      ;                  ;                    ;                                ;
; Partition Interface                         ;      ;                  ;                    ;                                ;
;     -- Input Ports                          ; 30   ; 29               ; 195                ; 0                              ;
;     -- Output Ports                         ; 91   ; 46               ; 148                ; 0                              ;
;     -- Bidir Ports                          ; 0    ; 0                ; 0                  ; 0                              ;
;                                             ;      ;                  ;                    ;                                ;
; Registered Ports                            ;      ;                  ;                    ;                                ;
;     -- Registered Input Ports               ; 0    ; 3                ; 143                ; 0                              ;
;     -- Registered Output Ports              ; 0    ; 35               ; 139                ; 0                              ;
;                                             ;      ;                  ;                    ;                                ;
; Port Connectivity                           ;      ;                  ;                    ;                                ;
;     -- Input Ports driven by GND            ; 0    ; 10               ; 0                  ; 0                              ;
;     -- Output Ports driven by GND           ; 0    ; 1                ; 0                  ; 0                              ;
;     -- Input Ports driven by VCC            ; 0    ; 0                ; 0                  ; 0                              ;
;     -- Output Ports driven by VCC           ; 0    ; 0                ; 0                  ; 0                              ;
;     -- Input Ports with no Source           ; 0    ; 1                ; 35                 ; 0                              ;
;     -- Output Ports with no Source          ; 0    ; 0                ; 0                  ; 0                              ;
;     -- Input Ports with no Fanout           ; 0    ; 2                ; 40                 ; 0                              ;
;     -- Output Ports with no Fanout          ; 0    ; 20               ; 139                ; 0                              ;
+---------------------------------------------+------+------------------+--------------------+--------------------------------+
Note: Resource usage numbers presented for Partitions containing post-synthesis logic are estimates.  For Partitions containing post-fit logic, resource usage numbers are accurate based on previous placement information.  Actual Fitter results may vary depending on current Fitter Preservation Level assignments.


+-------------------------------------------------------+
; Partition Merge Resource Usage Summary                ;
+---------------------------------------------+---------+
; Resource                                    ; Usage   ;
+---------------------------------------------+---------+
; Estimated Total logic elements              ; 2,478   ;
;                                             ;         ;
; Total combinational functions               ; 1369    ;
; Logic element usage by number of LUT inputs ;         ;
;     -- 4 input functions                    ; 711     ;
;     -- 3 input functions                    ; 357     ;
;     -- <=2 input functions                  ; 301     ;
;                                             ;         ;
; Logic elements by mode                      ;         ;
;     -- normal mode                          ; 1189    ;
;     -- arithmetic mode                      ; 180     ;
;                                             ;         ;
; Total registers                             ; 1772    ;
;     -- Dedicated logic registers            ; 1772    ;
;     -- I/O registers                        ; 0       ;
;                                             ;         ;
; I/O pins                                    ; 19      ;
; Total memory bits                           ; 9344    ;
; Embedded Multiplier 9-bit elements          ; 0       ;
; Maximum fan-out node                        ; clk_clk ;
; Maximum fan-out                             ; 1130    ;
; Total fan-out                               ; 11371   ;
; Average fan-out                             ; 3.51    ;
+---------------------------------------------+---------+


+-----------------------------------------------------------------------------------------------------------------------------------------------------------------------------------------------------------------------------------------------------------------------------------------------+
; Partition Merge RAM Summary                                                                                                                                                                                                                                                                   ;
+-------------------------------------------------------------------------------------------------------------------------------------------------------------------------------------------+------+------------------+--------------+--------------+--------------+--------------+------+------+
; Name                                                                                                                                                                                      ; Type ; Mode             ; Port A Depth ; Port A Width ; Port B Depth ; Port B Width ; Size ; MIF  ;
+-------------------------------------------------------------------------------------------------------------------------------------------------------------------------------------------+------+------------------+--------------+--------------+--------------+--------------+------+------+
; bcd_master_0:master_0|altera_avalon_sc_fifo:fifo|altsyncram:mem_rtl_0|altsyncram_elg1:auto_generated|ALTSYNCRAM                                                                           ; AUTO ; Simple Dual Port ; 64           ; 8            ; 64           ; 8            ; 512  ; None ;
; sld_signaltap:avmm|sld_signaltap_impl:sld_signaltap_body|sld_signaltap_implb:sld_signaltap_body|altsyncram:\stp_non_zero_ram_gen:stp_buffer_ram|altsyncram_cq14:auto_generated|ALTSYNCRAM ; AUTO ; Simple Dual Port ; 128          ; 69           ; 128          ; 69           ; 8832 ; None ;
+-------------------------------------------------------------------------------------------------------------------------------------------------------------------------------------------+------+------------------+--------------+--------------+--------------+--------------+------+------+


+--------------------------+
; Partition Merge Messages ;
+--------------------------+
Info: *******************************************************************
Info: Running Quartus II 64-Bit Partition Merge
    Info: Version 13.0.1 Build 232 06/12/2013 Service Pack 1 SJ Web Edition
    Info: Processing started: Fri Dec 01 22:05:35 2017
Info: Command: quartus_cdb --read_settings_files=off --write_settings_files=off BCD -c BCD --merge=on
Info (35007): Using synthesis netlist for partition "Top"
Info (35007): Using synthesis netlist for partition "sld_hub:auto_hub"
Info (35007): Using synthesis netlist for partition "sld_signaltap:avmm"
Info (35024): Succesfully connected in-system debug instance "avmm" to all 139 required data inputs, trigger inputs, acquisition clocks, and dynamic pins
Info (35002): Resolved and merged 3 partition(s)
Info (16010): Generating hard_block partition "hard_block:auto_generated_inst"
    Info (16011): Adding 0 node(s), including 0 DDIO, 0 PLL, 0 transceiver and 0 LCELL
Info (21057): Implemented 2606 device resources after synthesis - the final resource count might be different
    Info (21058): Implemented 5 input pins
    Info (21059): Implemented 18 output pins
    Info (21061): Implemented 2505 logic cells
    Info (21064): Implemented 77 RAM segments
Info: Quartus II 64-Bit Partition Merge was successful. 0 errors, 0 warnings
    Info: Peak virtual memory: 521 megabytes
    Info: Processing ended: Fri Dec 01 22:05:36 2017
    Info: Elapsed time: 00:00:01
    Info: Total CPU time (on all processors): 00:00:01


